// Jest Snapshot v1, https://goo.gl/fbAQLP

exports[`Hello should render correctly 1`] = `
<DocumentFragment>
  <div />
</DocumentFragment>
`;
